  console.error
    error: el valor nulo en la columna ┬½numero_reserva┬╗ de la relaci├│n ┬½reservas┬╗ viola la restricci├│n de no nulo
        at C:\Users\Angelo\Documents\muhutravel\backend\node_modules\pg\lib\client.js:545:17
        at processTicksAndRejections (node:internal/process/task_queues:105:5)
        at C:\Users\Angelo\Documents\muhutravel\backend\routes\reservas.js:366:20 {
      length: 322,
      severity: 'ERROR',
      code: '23502',
      detail: 'La fila que falla contiene (35, null, null, null, null, 2025-11-30 21:36:01.274107, null, null, en_servicio, null).',
      hint: undefined,
      position: undefined,
      internalPosition: undefined,
      internalQuery: undefined,
      where: undefined,
      schema: 'public',
      table: 'reservas',
      column: 'numero_reserva',
      dataType: undefined,
      constraint: undefined,
      file: 'execMain.c',
      line: '1987',
      routine: 'ExecConstraints'
    }

    [0m [90m 387 |[39m   } [36mcatch[39m (err) {
     [90m 388 |[39m     [36mawait[39m client[33m.[39mquery([32m'ROLLBACK'[39m)[33m;[39m
    [31m[1m>[22m[39m[90m 389 |[39m     console[33m.[39merror(err)[33m;[39m
     [90m     |[39m             [31m[1m^[22m[39m
     [90m 390 |[39m     res[33m.[39mstatus([35m500[39m)[33m.[39mjson({ error[33m:[39m [32m'Error al actualizar reserva'[39m })[33m;[39m
     [90m 391 |[39m   } [36mfinally[39m {
     [90m 392 |[39m     client[33m.[39mrelease()[33m;[39m[0m

      at error (routes/reservas.js:389:13)

node.exe : FAIL tests/business_rules.test.js
En línea: 1 Carácter: 1
+ & "C:\Program Files\nodejs/node.exe" 
"C:\Program Files\nodejs/node_mo ...
+ ~~~~~~~~~~~~~~~~~~~~~~~~~~~~~~~~~~~~~~~~~~~~~~
~~~~~~~~~~~~~~~~~~~~~~~
    + CategoryInfo          : NotSpecified: (FA 
   IL tests/business_rules.test.js:String) [],  
   RemoteException
    + FullyQualifiedErrorId : NativeCommandErro 
   r
 
  Business Rules Tests
    ÔêÜ Should create a reservation 
successfully (45 ms)
    ÔêÜ Should fail to create reservation if 
client has debt (8 ms)
    ÔêÜ Should auto-confirm reservation on 30% 
payment (9 ms)
    ÔêÜ Should fail to move to "En Servicio" if 
not fully paid (6 ms)
    ├ù Should succeed to move to "En Servicio" 
if fully paid (72 ms)

  ÔùÅ Business Rules Tests ÔÇ║ Should succeed 
to move to "En Servicio" if fully paid

    expect(received).toBe(expected) // 
Object.is equality

    Expected: 200
    Received: 500

    [0m [90m 166 |[39m             
})[33m;[39m
     [90m 167 |[39m
    [31m[1m>[22m[39m[90m 168 |[39m        
 expect(res[33m.[39mstatusCode)[33m.[39mtoBe
([35m200[39m)[33m;[39m
     [90m     |[39m                           
     [31m[1m^[22m[39m
     [90m 169 |[39m         expect(res[33m.[
39mbody[33m.[39mestado)[33m.[39mtoBe([32m'e
n_servicio'[39m)[33m;[39m
     [90m 170 |[39m     })[33m;[39m
     [90m 171 |[39m[0m

      at Object.toBe 
(tests/business_rules.test.js:168:32)

Test Suites: 1 failed, 1 total
Tests:       1 failed, 4 passed, 5 total
Snapshots:   0 total
Time:        1.166 s, estimated 2 s
Ran all test suites matching 
/tests\\business_rules.test.js/i.
Force exiting Jest: Have you considered using 
`--detectOpenHandles` to detect async 
operations that kept running after all tests 
finished?
